2024-12-18 15:08:22,509 ERROR C:\Users\Виктория\PycharmProjects~\test_project\.venv\lib\site-packages\django\utils\log.py (<class 'django.template.exceptions.TemplateSyntaxError'>, TemplateSyntaxError("Could not parse the remainder: '*10' from '60*10'"), <traceback object at 0x0000024A8CD4F180>) Internal Server Error: /posts/
Traceback (most recent call last):
  File "C:\Users\Виктория\PycharmProjects~\test_project\.venv\lib\site-packages\django\core\handlers\exception.py", line 55, in inner
    response = get_response(request)
  File "C:\Users\Виктория\PycharmProjects~\test_project\.venv\lib\site-packages\django\core\handlers\base.py", line 220, in _get_response
    response = response.render()
  File "C:\Users\Виктория\PycharmProjects~\test_project\.venv\lib\site-packages\django\template\response.py", line 114, in render
    self.content = self.rendered_content
  File "C:\Users\Виктория\PycharmProjects~\test_project\.venv\lib\site-packages\django\template\response.py", line 90, in rendered_content
    template = self.resolve_template(self.template_name)
  File "C:\Users\Виктория\PycharmProjects~\test_project\.venv\lib\site-packages\django\template\response.py", line 72, in resolve_template
    return select_template(template, using=self.using)
  File "C:\Users\Виктория\PycharmProjects~\test_project\.venv\lib\site-packages\django\template\loader.py", line 42, in select_template
    return engine.get_template(template_name)
  File "C:\Users\Виктория\PycharmProjects~\test_project\.venv\lib\site-packages\django\template\backends\django.py", line 33, in get_template
    return Template(self.engine.get_template(template_name), self)
  File "C:\Users\Виктория\PycharmProjects~\test_project\.venv\lib\site-packages\django\template\engine.py", line 175, in get_template
    template, origin = self.find_template(template_name)
  File "C:\Users\Виктория\PycharmProjects~\test_project\.venv\lib\site-packages\django\template\engine.py", line 157, in find_template
    template = loader.get_template(name, skip=skip)
  File "C:\Users\Виктория\PycharmProjects~\test_project\.venv\lib\site-packages\django\template\loaders\cached.py", line 57, in get_template
    template = super().get_template(template_name, skip)
  File "C:\Users\Виктория\PycharmProjects~\test_project\.venv\lib\site-packages\django\template\loaders\base.py", line 28, in get_template
    return Template(
  File "C:\Users\Виктория\PycharmProjects~\test_project\.venv\lib\site-packages\django\template\base.py", line 154, in __init__
    self.nodelist = self.compile_nodelist()
  File "C:\Users\Виктория\PycharmProjects~\test_project\.venv\lib\site-packages\django\template\base.py", line 200, in compile_nodelist
    return parser.parse()
  File "C:\Users\Виктория\PycharmProjects~\test_project\.venv\lib\site-packages\django\template\base.py", line 513, in parse
    raise self.error(token, e)
  File "C:\Users\Виктория\PycharmProjects~\test_project\.venv\lib\site-packages\django\template\base.py", line 511, in parse
    compiled_result = compile_func(self, token)
  File "C:\Users\Виктория\PycharmProjects~\test_project\.venv\lib\site-packages\django\template\loader_tags.py", line 293, in do_extends
    nodelist = parser.parse()
  File "C:\Users\Виктория\PycharmProjects~\test_project\.venv\lib\site-packages\django\template\base.py", line 513, in parse
    raise self.error(token, e)
  File "C:\Users\Виктория\PycharmProjects~\test_project\.venv\lib\site-packages\django\template\base.py", line 511, in parse
    compiled_result = compile_func(self, token)
  File "C:\Users\Виктория\PycharmProjects~\test_project\.venv\lib\site-packages\django\template\loader_tags.py", line 232, in do_block
    nodelist = parser.parse(("endblock",))
  File "C:\Users\Виктория\PycharmProjects~\test_project\.venv\lib\site-packages\django\template\base.py", line 513, in parse
    raise self.error(token, e)
  File "C:\Users\Виктория\PycharmProjects~\test_project\.venv\lib\site-packages\django\template\base.py", line 511, in parse
    compiled_result = compile_func(self, token)
  File "C:\Users\Виктория\PycharmProjects~\test_project\.venv\lib\site-packages\django\templatetags\cache.py", line 96, in do_cache
    parser.compile_filter(tokens[1]),
  File "C:\Users\Виктория\PycharmProjects~\test_project\.venv\lib\site-packages\django\template\base.py", line 600, in compile_filter
    return FilterExpression(token, self)
  File "C:\Users\Виктория\PycharmProjects~\test_project\.venv\lib\site-packages\django\template\base.py", line 703, in __init__
    raise TemplateSyntaxError(
django.template.exceptions.TemplateSyntaxError: Could not parse the remainder: '*10' from '60*10'
2024-12-18 15:08:22,512 ERROR C:\Users\Виктория\PycharmProjects~\test_project\.venv\lib\site-packages\django\core\servers\basehttp.py None "GET /posts/ HTTP/1.1" 500 207908
2025-01-04 14:21:35,615 ERROR C:\Users\Виктория\PycharmProjects~\test_project\.venv\lib\site-packages\django\utils\log.py (<class 'django.template.exceptions.TemplateSyntaxError'>, TemplateSyntaxError("<ExtendsNode: extends 'flatpages/default.html'> must be the first tag in the template."), <traceback object at 0x00000126BC558CC0>) Internal Server Error: /posts/
Traceback (most recent call last):
  File "C:\Users\Виктория\PycharmProjects~\test_project\.venv\lib\site-packages\django\core\handlers\exception.py", line 55, in inner
    response = get_response(request)
  File "C:\Users\Виктория\PycharmProjects~\test_project\.venv\lib\site-packages\django\core\handlers\base.py", line 220, in _get_response
    response = response.render()
  File "C:\Users\Виктория\PycharmProjects~\test_project\.venv\lib\site-packages\django\template\response.py", line 114, in render
    self.content = self.rendered_content
  File "C:\Users\Виктория\PycharmProjects~\test_project\.venv\lib\site-packages\django\template\response.py", line 90, in rendered_content
    template = self.resolve_template(self.template_name)
  File "C:\Users\Виктория\PycharmProjects~\test_project\.venv\lib\site-packages\django\template\response.py", line 72, in resolve_template
    return select_template(template, using=self.using)
  File "C:\Users\Виктория\PycharmProjects~\test_project\.venv\lib\site-packages\django\template\loader.py", line 42, in select_template
    return engine.get_template(template_name)
  File "C:\Users\Виктория\PycharmProjects~\test_project\.venv\lib\site-packages\django\template\backends\django.py", line 33, in get_template
    return Template(self.engine.get_template(template_name), self)
  File "C:\Users\Виктория\PycharmProjects~\test_project\.venv\lib\site-packages\django\template\engine.py", line 175, in get_template
    template, origin = self.find_template(template_name)
  File "C:\Users\Виктория\PycharmProjects~\test_project\.venv\lib\site-packages\django\template\engine.py", line 157, in find_template
    template = loader.get_template(name, skip=skip)
  File "C:\Users\Виктория\PycharmProjects~\test_project\.venv\lib\site-packages\django\template\loaders\cached.py", line 57, in get_template
    template = super().get_template(template_name, skip)
  File "C:\Users\Виктория\PycharmProjects~\test_project\.venv\lib\site-packages\django\template\loaders\base.py", line 28, in get_template
    return Template(
  File "C:\Users\Виктория\PycharmProjects~\test_project\.venv\lib\site-packages\django\template\base.py", line 154, in __init__
    self.nodelist = self.compile_nodelist()
  File "C:\Users\Виктория\PycharmProjects~\test_project\.venv\lib\site-packages\django\template\base.py", line 200, in compile_nodelist
    return parser.parse()
  File "C:\Users\Виктория\PycharmProjects~\test_project\.venv\lib\site-packages\django\template\base.py", line 514, in parse
    self.extend_nodelist(nodelist, compiled_result, token)
  File "C:\Users\Виктория\PycharmProjects~\test_project\.venv\lib\site-packages\django\template\base.py", line 531, in extend_nodelist
    raise self.error(
django.template.exceptions.TemplateSyntaxError: <ExtendsNode: extends 'flatpages/default.html'> must be the first tag in the template.
2025-01-04 14:21:35,618 ERROR C:\Users\Виктория\PycharmProjects~\test_project\.venv\lib\site-packages\django\core\servers\basehttp.py None "GET /posts/ HTTP/1.1" 500 133424
2025-01-04 14:22:47,267 ERROR C:\Users\Виктория\PycharmProjects~\test_project\.venv\lib\site-packages\django\utils\log.py (<class 'django.template.exceptions.TemplateSyntaxError'>, TemplateSyntaxError("<ExtendsNode: extends 'flatpages/default.html'> must be the first tag in the template."), <traceback object at 0x00000126BC737E40>) Internal Server Error: /posts/
Traceback (most recent call last):
  File "C:\Users\Виктория\PycharmProjects~\test_project\.venv\lib\site-packages\django\core\handlers\exception.py", line 55, in inner
    response = get_response(request)
  File "C:\Users\Виктория\PycharmProjects~\test_project\.venv\lib\site-packages\django\core\handlers\base.py", line 220, in _get_response
    response = response.render()
  File "C:\Users\Виктория\PycharmProjects~\test_project\.venv\lib\site-packages\django\template\response.py", line 114, in render
    self.content = self.rendered_content
  File "C:\Users\Виктория\PycharmProjects~\test_project\.venv\lib\site-packages\django\template\response.py", line 90, in rendered_content
    template = self.resolve_template(self.template_name)
  File "C:\Users\Виктория\PycharmProjects~\test_project\.venv\lib\site-packages\django\template\response.py", line 72, in resolve_template
    return select_template(template, using=self.using)
  File "C:\Users\Виктория\PycharmProjects~\test_project\.venv\lib\site-packages\django\template\loader.py", line 42, in select_template
    return engine.get_template(template_name)
  File "C:\Users\Виктория\PycharmProjects~\test_project\.venv\lib\site-packages\django\template\backends\django.py", line 33, in get_template
    return Template(self.engine.get_template(template_name), self)
  File "C:\Users\Виктория\PycharmProjects~\test_project\.venv\lib\site-packages\django\template\engine.py", line 175, in get_template
    template, origin = self.find_template(template_name)
  File "C:\Users\Виктория\PycharmProjects~\test_project\.venv\lib\site-packages\django\template\engine.py", line 157, in find_template
    template = loader.get_template(name, skip=skip)
  File "C:\Users\Виктория\PycharmProjects~\test_project\.venv\lib\site-packages\django\template\loaders\cached.py", line 57, in get_template
    template = super().get_template(template_name, skip)
  File "C:\Users\Виктория\PycharmProjects~\test_project\.venv\lib\site-packages\django\template\loaders\base.py", line 28, in get_template
    return Template(
  File "C:\Users\Виктория\PycharmProjects~\test_project\.venv\lib\site-packages\django\template\base.py", line 154, in __init__
    self.nodelist = self.compile_nodelist()
  File "C:\Users\Виктория\PycharmProjects~\test_project\.venv\lib\site-packages\django\template\base.py", line 200, in compile_nodelist
    return parser.parse()
  File "C:\Users\Виктория\PycharmProjects~\test_project\.venv\lib\site-packages\django\template\base.py", line 514, in parse
    self.extend_nodelist(nodelist, compiled_result, token)
  File "C:\Users\Виктория\PycharmProjects~\test_project\.venv\lib\site-packages\django\template\base.py", line 531, in extend_nodelist
    raise self.error(
django.template.exceptions.TemplateSyntaxError: <ExtendsNode: extends 'flatpages/default.html'> must be the first tag in the template.
2025-01-04 14:22:47,268 ERROR C:\Users\Виктория\PycharmProjects~\test_project\.venv\lib\site-packages\django\core\servers\basehttp.py None "GET /posts/ HTTP/1.1" 500 133626
2025-01-04 14:22:48,988 ERROR C:\Users\Виктория\PycharmProjects~\test_project\.venv\lib\site-packages\django\utils\log.py (<class 'django.template.exceptions.TemplateSyntaxError'>, TemplateSyntaxError("<ExtendsNode: extends 'flatpages/default.html'> must be the first tag in the template."), <traceback object at 0x00000126BC9C1680>) Internal Server Error: /posts/
Traceback (most recent call last):
  File "C:\Users\Виктория\PycharmProjects~\test_project\.venv\lib\site-packages\django\core\handlers\exception.py", line 55, in inner
    response = get_response(request)
  File "C:\Users\Виктория\PycharmProjects~\test_project\.venv\lib\site-packages\django\core\handlers\base.py", line 220, in _get_response
    response = response.render()
  File "C:\Users\Виктория\PycharmProjects~\test_project\.venv\lib\site-packages\django\template\response.py", line 114, in render
    self.content = self.rendered_content
  File "C:\Users\Виктория\PycharmProjects~\test_project\.venv\lib\site-packages\django\template\response.py", line 90, in rendered_content
    template = self.resolve_template(self.template_name)
  File "C:\Users\Виктория\PycharmProjects~\test_project\.venv\lib\site-packages\django\template\response.py", line 72, in resolve_template
    return select_template(template, using=self.using)
  File "C:\Users\Виктория\PycharmProjects~\test_project\.venv\lib\site-packages\django\template\loader.py", line 42, in select_template
    return engine.get_template(template_name)
  File "C:\Users\Виктория\PycharmProjects~\test_project\.venv\lib\site-packages\django\template\backends\django.py", line 33, in get_template
    return Template(self.engine.get_template(template_name), self)
  File "C:\Users\Виктория\PycharmProjects~\test_project\.venv\lib\site-packages\django\template\engine.py", line 175, in get_template
    template, origin = self.find_template(template_name)
  File "C:\Users\Виктория\PycharmProjects~\test_project\.venv\lib\site-packages\django\template\engine.py", line 157, in find_template
    template = loader.get_template(name, skip=skip)
  File "C:\Users\Виктория\PycharmProjects~\test_project\.venv\lib\site-packages\django\template\loaders\cached.py", line 57, in get_template
    template = super().get_template(template_name, skip)
  File "C:\Users\Виктория\PycharmProjects~\test_project\.venv\lib\site-packages\django\template\loaders\base.py", line 28, in get_template
    return Template(
  File "C:\Users\Виктория\PycharmProjects~\test_project\.venv\lib\site-packages\django\template\base.py", line 154, in __init__
    self.nodelist = self.compile_nodelist()
  File "C:\Users\Виктория\PycharmProjects~\test_project\.venv\lib\site-packages\django\template\base.py", line 200, in compile_nodelist
    return parser.parse()
  File "C:\Users\Виктория\PycharmProjects~\test_project\.venv\lib\site-packages\django\template\base.py", line 514, in parse
    self.extend_nodelist(nodelist, compiled_result, token)
  File "C:\Users\Виктория\PycharmProjects~\test_project\.venv\lib\site-packages\django\template\base.py", line 531, in extend_nodelist
    raise self.error(
django.template.exceptions.TemplateSyntaxError: <ExtendsNode: extends 'flatpages/default.html'> must be the first tag in the template.
2025-01-04 14:22:48,989 ERROR C:\Users\Виктория\PycharmProjects~\test_project\.venv\lib\site-packages\django\core\servers\basehttp.py None "GET /posts/ HTTP/1.1" 500 133626
2025-01-04 15:09:20,900 ERROR C:\Users\Виктория\PycharmProjects~\test_project\.venv\lib\site-packages\django\utils\log.py (<class 'django.template.exceptions.TemplateSyntaxError'>, TemplateSyntaxError("Could not parse the remainder: '% string %' from '% string %'"), <traceback object at 0x000001ED5E36BA80>) Internal Server Error: /posts/
Traceback (most recent call last):
  File "C:\Users\Виктория\PycharmProjects~\test_project\.venv\lib\site-packages\django\core\handlers\exception.py", line 55, in inner
    response = get_response(request)
  File "C:\Users\Виктория\PycharmProjects~\test_project\.venv\lib\site-packages\django\core\handlers\base.py", line 220, in _get_response
    response = response.render()
  File "C:\Users\Виктория\PycharmProjects~\test_project\.venv\lib\site-packages\django\template\response.py", line 114, in render
    self.content = self.rendered_content
  File "C:\Users\Виктория\PycharmProjects~\test_project\.venv\lib\site-packages\django\template\response.py", line 90, in rendered_content
    template = self.resolve_template(self.template_name)
  File "C:\Users\Виктория\PycharmProjects~\test_project\.venv\lib\site-packages\django\template\response.py", line 72, in resolve_template
    return select_template(template, using=self.using)
  File "C:\Users\Виктория\PycharmProjects~\test_project\.venv\lib\site-packages\django\template\loader.py", line 42, in select_template
    return engine.get_template(template_name)
  File "C:\Users\Виктория\PycharmProjects~\test_project\.venv\lib\site-packages\django\template\backends\django.py", line 33, in get_template
    return Template(self.engine.get_template(template_name), self)
  File "C:\Users\Виктория\PycharmProjects~\test_project\.venv\lib\site-packages\django\template\engine.py", line 175, in get_template
    template, origin = self.find_template(template_name)
  File "C:\Users\Виктория\PycharmProjects~\test_project\.venv\lib\site-packages\django\template\engine.py", line 157, in find_template
    template = loader.get_template(name, skip=skip)
  File "C:\Users\Виктория\PycharmProjects~\test_project\.venv\lib\site-packages\django\template\loaders\cached.py", line 57, in get_template
    template = super().get_template(template_name, skip)
  File "C:\Users\Виктория\PycharmProjects~\test_project\.venv\lib\site-packages\django\template\loaders\base.py", line 28, in get_template
    return Template(
  File "C:\Users\Виктория\PycharmProjects~\test_project\.venv\lib\site-packages\django\template\base.py", line 154, in __init__
    self.nodelist = self.compile_nodelist()
  File "C:\Users\Виктория\PycharmProjects~\test_project\.venv\lib\site-packages\django\template\base.py", line 200, in compile_nodelist
    return parser.parse()
  File "C:\Users\Виктория\PycharmProjects~\test_project\.venv\lib\site-packages\django\template\base.py", line 513, in parse
    raise self.error(token, e)
  File "C:\Users\Виктория\PycharmProjects~\test_project\.venv\lib\site-packages\django\template\base.py", line 511, in parse
    compiled_result = compile_func(self, token)
  File "C:\Users\Виктория\PycharmProjects~\test_project\.venv\lib\site-packages\django\template\loader_tags.py", line 293, in do_extends
    nodelist = parser.parse()
  File "C:\Users\Виктория\PycharmProjects~\test_project\.venv\lib\site-packages\django\template\base.py", line 513, in parse
    raise self.error(token, e)
  File "C:\Users\Виктория\PycharmProjects~\test_project\.venv\lib\site-packages\django\template\base.py", line 511, in parse
    compiled_result = compile_func(self, token)
  File "C:\Users\Виктория\PycharmProjects~\test_project\.venv\lib\site-packages\django\template\loader_tags.py", line 232, in do_block
    nodelist = parser.parse(("endblock",))
  File "C:\Users\Виктория\PycharmProjects~\test_project\.venv\lib\site-packages\django\template\base.py", line 484, in parse
    raise self.error(token, e)
  File "C:\Users\Виктория\PycharmProjects~\test_project\.venv\lib\site-packages\django\template\base.py", line 482, in parse
    filter_expression = self.compile_filter(token.contents)
  File "C:\Users\Виктория\PycharmProjects~\test_project\.venv\lib\site-packages\django\template\base.py", line 600, in compile_filter
    return FilterExpression(token, self)
  File "C:\Users\Виктория\PycharmProjects~\test_project\.venv\lib\site-packages\django\template\base.py", line 703, in __init__
    raise TemplateSyntaxError(
django.template.exceptions.TemplateSyntaxError: Could not parse the remainder: '% string %' from '% string %'
2025-01-04 15:09:20,904 ERROR C:\Users\Виктория\PycharmProjects~\test_project\.venv\lib\site-packages\django\core\servers\basehttp.py None "GET /posts/ HTTP/1.1" 500 224457
